<?xml version="1.0" encoding="UTF-8"?>
<TestRun id="5e0b43d6-52a4-4114-849f-8224d4739b60" name="joeriks@JOERIKS-PC 2011-05-22 21:35:44" runUser="joeriks-PC\joeriks" xmlns="http://microsoft.com/schemas/VisualStudio/TeamTest/2010">
  <TestSettings name="Local" id="b530b1a5-b516-4526-823a-1e2ca9acd328">
    <Description>These are default test settings for a local test run.</Description>
    <Deployment runDeploymentRoot="joeriks_JOERIKS-PC 2011-05-22 21_35_44">
      <DeploymentItem filename="C:\Users\joeriks\Documents\Visual Studio 2010\Projects\GitHub\DynaForms\DynaForms\DynaForms\bin\Debug\DynamicForms.dll" />
    </Deployment>
    <Execution>
      <TestTypeSpecific>
        <UnitTestRunConfig testTypeId="13cdc9d9-ddb5-4fa4-a97d-d965ccfc6d4b">
          <AssemblyResolution>
            <TestDirectory useLoadContext="true" />
          </AssemblyResolution>
        </UnitTestRunConfig>
      </TestTypeSpecific>
      <AgentRule name="Execution Agents">
      </AgentRule>
    </Execution>
  </TestSettings>
  <Times creation="2011-05-22T21:35:44.1486845+02:00" queuing="2011-05-22T21:35:44.7627196+02:00" start="2011-05-22T21:35:44.9107281+02:00" finish="2011-05-22T21:35:45.8307807+02:00" />
  <ResultSummary outcome="Failed">
    <Counters total="8" executed="8" passed="6" error="0" failed="2" timeout="0" aborted="0" inconclusive="0" passedButRunAborted="0" notRunnable="0" notExecuted="0" disconnected="0" warning="0" completed="0" inProgress="0" pending="0" />
  </ResultSummary>
  <TestDefinitions>
    <UnitTest name="FormValidation_OneValidField_ShouldValidate" storage="c:\users\joeriks\documents\visual studio 2010\projects\github\dynaforms\dynaforms\dynaforms_test\bin\debug\dynamicforms_test.dll" id="0a7bcf73-3d45-3e27-e291-8c41dcb2a8b3">
      <Execution id="909ecf6e-4c9b-4626-a49a-9de5b777f394" />
      <TestMethod codeBase="C:/Users/joeriks/Documents/Visual Studio 2010/Projects/GitHub/DynaForms/DynaForms/DynaForms_Test/bin/Debug/DynamicForms_Test.DLL" adapterTypeName="Microsoft.VisualStudio.TestTools.TestTypes.Unit.UnitTestAdapter, Microsoft.VisualStudio.QualityTools.Tips.UnitTest.Adapter, Version=10.0.0.0, Culture=neutral, PublicKeyToken=b03f5f7f11d50a3a" className="DynaForms_Test.FormValidations, DynamicForms_Test, Version=1.0.0.0, Culture=neutral, PublicKeyToken=null" name="FormValidation_OneValidField_ShouldValidate" />
    </UnitTest>
    <UnitTest name="FormCreationHtml_CompareToFile_Form1" storage="c:\users\joeriks\documents\visual studio 2010\projects\github\dynaforms\dynaforms\dynaforms_test\bin\debug\dynamicforms_test.dll" id="a63afa6a-845a-987f-c080-ffe79a3cc273">
      <DeploymentItems>
        <DeploymentItem filename="resources//form1.htm" />
      </DeploymentItems>
      <Execution id="738a5fc4-12e1-40cb-ab34-ea0cc89aeca7" />
      <TestMethod codeBase="C:/Users/joeriks/Documents/Visual Studio 2010/Projects/GitHub/DynaForms/DynaForms/DynaForms_Test/bin/Debug/DynamicForms_Test.DLL" adapterTypeName="Microsoft.VisualStudio.TestTools.TestTypes.Unit.UnitTestAdapter, Microsoft.VisualStudio.QualityTools.Tips.UnitTest.Adapter, Version=10.0.0.0, Culture=neutral, PublicKeyToken=b03f5f7f11d50a3a" className="DynaForms_Test.FormCreation, DynamicForms_Test, Version=1.0.0.0, Culture=neutral, PublicKeyToken=null" name="FormCreationHtml_CompareToFile_Form1" />
    </UnitTest>
    <UnitTest name="FormCreation_NoErrors" storage="c:\users\joeriks\documents\visual studio 2010\projects\github\dynaforms\dynaforms\dynaforms_test\bin\debug\dynamicforms_test.dll" id="a72d1d0f-024c-ca45-f0cb-1e02f50ddf2c">
      <Execution id="e3049924-a655-450e-bbad-cb22e011885b" />
      <TestMethod codeBase="C:/Users/joeriks/Documents/Visual Studio 2010/Projects/GitHub/DynaForms/DynaForms/DynaForms_Test/bin/Debug/DynamicForms_Test.DLL" adapterTypeName="Microsoft.VisualStudio.TestTools.TestTypes.Unit.UnitTestAdapter, Microsoft.VisualStudio.QualityTools.Tips.UnitTest.Adapter, Version=10.0.0.0, Culture=neutral, PublicKeyToken=b03f5f7f11d50a3a" className="DynaForms_Test.FormCreation, DynamicForms_Test, Version=1.0.0.0, Culture=neutral, PublicKeyToken=null" name="FormCreation_NoErrors" />
    </UnitTest>
    <UnitTest name="FormCreationHtml_CompareToFile_Form2" storage="c:\users\joeriks\documents\visual studio 2010\projects\github\dynaforms\dynaforms\dynaforms_test\bin\debug\dynamicforms_test.dll" id="d5566312-6562-b3a8-7247-62759f535e6f">
      <DeploymentItems>
        <DeploymentItem filename="resources//form2.htm" />
      </DeploymentItems>
      <Execution id="1b199533-d96c-4819-82fd-d35264de6f3f" />
      <TestMethod codeBase="C:/Users/joeriks/Documents/Visual Studio 2010/Projects/GitHub/DynaForms/DynaForms/DynaForms_Test/bin/Debug/DynamicForms_Test.DLL" adapterTypeName="Microsoft.VisualStudio.TestTools.TestTypes.Unit.UnitTestAdapter, Microsoft.VisualStudio.QualityTools.Tips.UnitTest.Adapter, Version=10.0.0.0, Culture=neutral, PublicKeyToken=b03f5f7f11d50a3a" className="DynaForms_Test.FormCreation, DynamicForms_Test, Version=1.0.0.0, Culture=neutral, PublicKeyToken=null" name="FormCreationHtml_CompareToFile_Form2" />
    </UnitTest>
    <UnitTest name="TryUpdateModel_SubsetOfFields" storage="c:\users\joeriks\documents\visual studio 2010\projects\github\dynaforms\dynaforms\dynaforms_test\bin\debug\dynamicforms_test.dll" id="a4b991da-175b-341c-3346-146464a1b188">
      <Execution id="ccef5f98-2316-40d0-9f66-68947232d36c" />
      <TestMethod codeBase="C:/Users/joeriks/Documents/Visual Studio 2010/Projects/GitHub/DynaForms/DynaForms/DynaForms_Test/bin/Debug/DynamicForms_Test.DLL" adapterTypeName="Microsoft.VisualStudio.TestTools.TestTypes.Unit.UnitTestAdapter, Microsoft.VisualStudio.QualityTools.Tips.UnitTest.Adapter, Version=10.0.0.0, Culture=neutral, PublicKeyToken=b03f5f7f11d50a3a" className="DynaForms_Test.TryUpdateModel, DynamicForms_Test, Version=1.0.0.0, Culture=neutral, PublicKeyToken=null" name="TryUpdateModel_SubsetOfFields" />
    </UnitTest>
    <UnitTest name="FormValidation_OneMissingField_ShouldNotValidate" storage="c:\users\joeriks\documents\visual studio 2010\projects\github\dynaforms\dynaforms\dynaforms_test\bin\debug\dynamicforms_test.dll" id="c68031b1-18f1-f361-10ac-2b2b73aca0e5">
      <Execution id="7e218aa8-9c0b-4820-af3f-932df0dd4d93" />
      <TestMethod codeBase="C:/Users/joeriks/Documents/Visual Studio 2010/Projects/GitHub/DynaForms/DynaForms/DynaForms_Test/bin/Debug/DynamicForms_Test.DLL" adapterTypeName="Microsoft.VisualStudio.TestTools.TestTypes.Unit.UnitTestAdapter, Microsoft.VisualStudio.QualityTools.Tips.UnitTest.Adapter, Version=10.0.0.0, Culture=neutral, PublicKeyToken=b03f5f7f11d50a3a" className="DynaForms_Test.FormValidations, DynamicForms_Test, Version=1.0.0.0, Culture=neutral, PublicKeyToken=null" name="FormValidation_OneMissingField_ShouldNotValidate" />
    </UnitTest>
    <UnitTest name="TryUpdateModel_StringsAndInvalidInteger" storage="c:\users\joeriks\documents\visual studio 2010\projects\github\dynaforms\dynaforms\dynaforms_test\bin\debug\dynamicforms_test.dll" id="04591405-bf95-3ad7-ff0f-82f6239b8357">
      <Execution id="8815ae16-0a03-459b-96da-ffab2cd9fb93" />
      <TestMethod codeBase="C:/Users/joeriks/Documents/Visual Studio 2010/Projects/GitHub/DynaForms/DynaForms/DynaForms_Test/bin/Debug/DynamicForms_Test.DLL" adapterTypeName="Microsoft.VisualStudio.TestTools.TestTypes.Unit.UnitTestAdapter, Microsoft.VisualStudio.QualityTools.Tips.UnitTest.Adapter, Version=10.0.0.0, Culture=neutral, PublicKeyToken=b03f5f7f11d50a3a" className="DynaForms_Test.TryUpdateModel, DynamicForms_Test, Version=1.0.0.0, Culture=neutral, PublicKeyToken=null" name="TryUpdateModel_StringsAndInvalidInteger" />
    </UnitTest>
    <UnitTest name="TryUpdateModel_StringsAndInteger" storage="c:\users\joeriks\documents\visual studio 2010\projects\github\dynaforms\dynaforms\dynaforms_test\bin\debug\dynamicforms_test.dll" id="1a36a090-4025-e27d-39e4-17d8afe625b3">
      <Execution id="18d7cca6-a42e-49ff-a820-fe1acfad9145" />
      <TestMethod codeBase="C:/Users/joeriks/Documents/Visual Studio 2010/Projects/GitHub/DynaForms/DynaForms/DynaForms_Test/bin/Debug/DynamicForms_Test.DLL" adapterTypeName="Microsoft.VisualStudio.TestTools.TestTypes.Unit.UnitTestAdapter, Microsoft.VisualStudio.QualityTools.Tips.UnitTest.Adapter, Version=10.0.0.0, Culture=neutral, PublicKeyToken=b03f5f7f11d50a3a" className="DynaForms_Test.TryUpdateModel, DynamicForms_Test, Version=1.0.0.0, Culture=neutral, PublicKeyToken=null" name="TryUpdateModel_StringsAndInteger" />
    </UnitTest>
  </TestDefinitions>
  <TestLists>
    <TestList name="Results Not in a List" id="8c84fa94-04c1-424b-9868-57a2d4851a1d" />
    <TestList name="All Loaded Results" id="19431567-8539-422a-85d7-44ee4e166bda" />
  </TestLists>
  <TestEntries>
    <TestEntry testId="04591405-bf95-3ad7-ff0f-82f6239b8357" executionId="8815ae16-0a03-459b-96da-ffab2cd9fb93" testListId="8c84fa94-04c1-424b-9868-57a2d4851a1d" />
    <TestEntry testId="0a7bcf73-3d45-3e27-e291-8c41dcb2a8b3" executionId="909ecf6e-4c9b-4626-a49a-9de5b777f394" testListId="8c84fa94-04c1-424b-9868-57a2d4851a1d" />
    <TestEntry testId="1a36a090-4025-e27d-39e4-17d8afe625b3" executionId="18d7cca6-a42e-49ff-a820-fe1acfad9145" testListId="8c84fa94-04c1-424b-9868-57a2d4851a1d" />
    <TestEntry testId="a4b991da-175b-341c-3346-146464a1b188" executionId="ccef5f98-2316-40d0-9f66-68947232d36c" testListId="8c84fa94-04c1-424b-9868-57a2d4851a1d" />
    <TestEntry testId="a63afa6a-845a-987f-c080-ffe79a3cc273" executionId="738a5fc4-12e1-40cb-ab34-ea0cc89aeca7" testListId="8c84fa94-04c1-424b-9868-57a2d4851a1d" />
    <TestEntry testId="a72d1d0f-024c-ca45-f0cb-1e02f50ddf2c" executionId="e3049924-a655-450e-bbad-cb22e011885b" testListId="8c84fa94-04c1-424b-9868-57a2d4851a1d" />
    <TestEntry testId="c68031b1-18f1-f361-10ac-2b2b73aca0e5" executionId="7e218aa8-9c0b-4820-af3f-932df0dd4d93" testListId="8c84fa94-04c1-424b-9868-57a2d4851a1d" />
    <TestEntry testId="d5566312-6562-b3a8-7247-62759f535e6f" executionId="1b199533-d96c-4819-82fd-d35264de6f3f" testListId="8c84fa94-04c1-424b-9868-57a2d4851a1d" />
  </TestEntries>
  <Results>
    <UnitTestResult executionId="8815ae16-0a03-459b-96da-ffab2cd9fb93" testId="04591405-bf95-3ad7-ff0f-82f6239b8357" testName="TryUpdateModel_StringsAndInvalidInteger" computerName="JOERIKS-PC" duration="00:00:00.0692866" startTime="2011-05-22T21:35:45.0057335+02:00" endTime="2011-05-22T21:35:45.4557592+02:00" testType="13cdc9d9-ddb5-4fa4-a97d-d965ccfc6d4b" outcome="Passed" testListId="8c84fa94-04c1-424b-9868-57a2d4851a1d" relativeResultsDirectory="8815ae16-0a03-459b-96da-ffab2cd9fb93">
    </UnitTestResult>
    <UnitTestResult executionId="909ecf6e-4c9b-4626-a49a-9de5b777f394" testId="0a7bcf73-3d45-3e27-e291-8c41dcb2a8b3" testName="FormValidation_OneValidField_ShouldValidate" computerName="JOERIKS-PC" duration="00:00:00.0075884" startTime="2011-05-22T21:35:45.4657598+02:00" endTime="2011-05-22T21:35:45.4787605+02:00" testType="13cdc9d9-ddb5-4fa4-a97d-d965ccfc6d4b" outcome="Passed" testListId="8c84fa94-04c1-424b-9868-57a2d4851a1d" relativeResultsDirectory="909ecf6e-4c9b-4626-a49a-9de5b777f394">
    </UnitTestResult>
    <UnitTestResult executionId="18d7cca6-a42e-49ff-a820-fe1acfad9145" testId="1a36a090-4025-e27d-39e4-17d8afe625b3" testName="TryUpdateModel_StringsAndInteger" computerName="JOERIKS-PC" duration="00:00:00.0015323" startTime="2011-05-22T21:35:45.4837608+02:00" endTime="2011-05-22T21:35:45.5017619+02:00" testType="13cdc9d9-ddb5-4fa4-a97d-d965ccfc6d4b" outcome="Passed" testListId="8c84fa94-04c1-424b-9868-57a2d4851a1d" relativeResultsDirectory="18d7cca6-a42e-49ff-a820-fe1acfad9145">
    </UnitTestResult>
    <UnitTestResult executionId="ccef5f98-2316-40d0-9f66-68947232d36c" testId="a4b991da-175b-341c-3346-146464a1b188" testName="TryUpdateModel_SubsetOfFields" computerName="JOERIKS-PC" duration="00:00:00.0014782" startTime="2011-05-22T21:35:45.5207629+02:00" endTime="2011-05-22T21:35:45.5357638+02:00" testType="13cdc9d9-ddb5-4fa4-a97d-d965ccfc6d4b" outcome="Passed" testListId="8c84fa94-04c1-424b-9868-57a2d4851a1d" relativeResultsDirectory="ccef5f98-2316-40d0-9f66-68947232d36c">
    </UnitTestResult>
    <UnitTestResult executionId="738a5fc4-12e1-40cb-ab34-ea0cc89aeca7" testId="a63afa6a-845a-987f-c080-ffe79a3cc273" testName="FormCreationHtml_CompareToFile_Form1" computerName="JOERIKS-PC" duration="00:00:00.0362820" startTime="2011-05-22T21:35:45.5427642+02:00" endTime="2011-05-22T21:35:45.5937671+02:00" testType="13cdc9d9-ddb5-4fa4-a97d-d965ccfc6d4b" outcome="Failed" testListId="8c84fa94-04c1-424b-9868-57a2d4851a1d" relativeResultsDirectory="738a5fc4-12e1-40cb-ab34-ea0cc89aeca7">
      <Output>
        <ErrorInfo>
          <Message>Assert.AreEqual failed. Expected:&lt;&lt;form id="myform" method="post" action="#"&gt;
 &lt;div class="labelinput"&gt;
  &lt;label for="name"&gt;name&lt;/label&gt;
  &lt;input type="text" id="name" name="name" value=""/&gt;
 &lt;/div&gt;
 &lt;div class="labelinput"&gt;
  &lt;label for="value"&gt;value&lt;/label&gt;
  &lt;input type="text" id="value" name="value" value=""/&gt;
 &lt;/div&gt;
 &lt;input type="submit" id="submit" name="submit"/&gt;
&lt;/form&gt;
&gt;. Actual:&lt;&lt;form id="myform" method="post" action="#"&gt;
 &lt;div class="labelinput"&gt;
  &lt;label for="name"&gt;name&lt;/label&gt;
  &lt;input type="text" id="name" name="name" value=""/&gt;
 &lt;/div&gt;
 &lt;div class="labelinput"&gt;
  &lt;label for="value"&gt;value&lt;/label&gt;
  &lt;input type="text" id="value" name="value" value=""/&gt;
 &lt;/div&gt;
 &lt;input type="submit" id="submit" name="submit"/&gt;
&lt;/form&gt;
&gt;. </Message>
          <StackTrace>   at DynaForms_Test.FormCreation.FormCreationHtml_CompareToFile_Form1() in C:\Users\jonas\DynaForms\DynaForms\DynaForms_Test\FormCreation.cs:line 34
</StackTrace>
        </ErrorInfo>
      </Output>
    </UnitTestResult>
    <UnitTestResult executionId="e3049924-a655-450e-bbad-cb22e011885b" testId="a72d1d0f-024c-ca45-f0cb-1e02f50ddf2c" testName="FormCreation_NoErrors" computerName="JOERIKS-PC" duration="00:00:00.0011282" startTime="2011-05-22T21:35:45.6367696+02:00" endTime="2011-05-22T21:35:45.6517704+02:00" testType="13cdc9d9-ddb5-4fa4-a97d-d965ccfc6d4b" outcome="Passed" testListId="8c84fa94-04c1-424b-9868-57a2d4851a1d" relativeResultsDirectory="e3049924-a655-450e-bbad-cb22e011885b">
    </UnitTestResult>
    <UnitTestResult executionId="7e218aa8-9c0b-4820-af3f-932df0dd4d93" testId="c68031b1-18f1-f361-10ac-2b2b73aca0e5" testName="FormValidation_OneMissingField_ShouldNotValidate" computerName="JOERIKS-PC" duration="00:00:00.0030082" startTime="2011-05-22T21:35:45.6567707+02:00" endTime="2011-05-22T21:35:45.6757718+02:00" testType="13cdc9d9-ddb5-4fa4-a97d-d965ccfc6d4b" outcome="Passed" testListId="8c84fa94-04c1-424b-9868-57a2d4851a1d" relativeResultsDirectory="7e218aa8-9c0b-4820-af3f-932df0dd4d93">
    </UnitTestResult>
    <UnitTestResult executionId="1b199533-d96c-4819-82fd-d35264de6f3f" testId="d5566312-6562-b3a8-7247-62759f535e6f" testName="FormCreationHtml_CompareToFile_Form2" computerName="JOERIKS-PC" duration="00:00:00.0046978" startTime="2011-05-22T21:35:45.6807721+02:00" endTime="2011-05-22T21:35:45.6997732+02:00" testType="13cdc9d9-ddb5-4fa4-a97d-d965ccfc6d4b" outcome="Failed" testListId="8c84fa94-04c1-424b-9868-57a2d4851a1d" relativeResultsDirectory="1b199533-d96c-4819-82fd-d35264de6f3f">
      <Output>
        <ErrorInfo>
          <Message>Assert.AreEqual failed. Expected:&lt;&lt;form id="form2" method="post" action="#"&gt;
 &lt;div class="labelinput"&gt;
  &lt;label for="name"&gt;name&lt;/label&gt;
  &lt;input type="text" id="name" name="name" value=""/&gt;
 &lt;/div&gt;
 &lt;div class="labelcheckbox"&gt;
  &lt;label for="check"&gt;check&lt;/label&gt;
  &lt;input type="checkbox" id="check" name="check" value=""/&gt;
 &lt;/div&gt;
 &lt;div class="labelselect"&gt;
  &lt;label for="dropdown"&gt;dropdown&lt;/label&gt;
  &lt;select id="dropdown" name="dropdown"&gt;
  &lt;option value="1"&gt;one&lt;/option&gt;
  &lt;option value="2"&gt;two&lt;/option&gt;
  &lt;option value="3"&gt;three&lt;/option&gt;
  &lt;/select&gt;
 &lt;/div&gt;
 &lt;div class="submit"&gt;
  &lt;input type="submit" id="submit" name="submit" value="submit"/&gt;
 &lt;/div&gt;
&lt;/form&gt;
&gt;. Actual:&lt;&lt;form id="form2" method="post" action="#"&gt;
 &lt;div class="labelinput"&gt;
  &lt;label for="name"&gt;name&lt;/label&gt;
  &lt;input type="text" id="name" name="name" value=""/&gt;
 &lt;/div&gt;
 &lt;div class="labelcheckbox"&gt;
  &lt;label for="check"&gt;check&lt;/label&gt;
  &lt;input type="checkbox" id="check" name="check" value=""/&gt;
 &lt;/div&gt;
 &lt;div class="labelselect"&gt;
  &lt;label for="dropdown"&gt;dropdown&lt;/label&gt;
  &lt;select id="dropdown" name="dropdown"&gt;
  &lt;option value="1"&gt;one&lt;/option&gt;
  &lt;option value="2"&gt;two&lt;/option&gt;
  &lt;option value="3"&gt;three&lt;/option&gt;
  &lt;/select&gt;
 &lt;/div&gt;
 &lt;div class="submit"&gt;
  &lt;input type="submit" id="submit" name="submit" value="submit"/&gt;
 &lt;/div&gt;
&lt;/form&gt;
&gt;. </Message>
          <StackTrace>   at DynaForms_Test.FormCreation.FormCreationHtml_CompareToFile_Form2() in C:\Users\jonas\DynaForms\DynaForms\DynaForms_Test\FormCreation.cs:line 55
</StackTrace>
        </ErrorInfo>
      </Output>
    </UnitTestResult>
  </Results>
</TestRun>