<?xml version="1.0" encoding="UTF-8"?>
<TestRun id="d27d2e0f-c496-47ff-9d1d-14d98841c6a3" name="joeriks@JOERIKS-PC 2011-05-22 21:37:41" runUser="joeriks-PC\joeriks" xmlns="http://microsoft.com/schemas/VisualStudio/TeamTest/2010">
  <TestSettings name="Local" id="b530b1a5-b516-4526-823a-1e2ca9acd328">
    <Description>These are default test settings for a local test run.</Description>
    <Deployment runDeploymentRoot="joeriks_JOERIKS-PC 2011-05-22 21_37_41">
      <DeploymentItem filename="C:\Users\joeriks\Documents\Visual Studio 2010\Projects\GitHub\DynaForms\DynaForms\DynaForms\bin\Debug\DynamicForms.dll" />
    </Deployment>
    <Execution>
      <TestTypeSpecific>
        <UnitTestRunConfig testTypeId="13cdc9d9-ddb5-4fa4-a97d-d965ccfc6d4b">
          <AssemblyResolution>
            <TestDirectory useLoadContext="true" />
          </AssemblyResolution>
        </UnitTestRunConfig>
      </TestTypeSpecific>
      <AgentRule name="Execution Agents">
      </AgentRule>
    </Execution>
  </TestSettings>
  <Times creation="2011-05-22T21:37:41.2393817+02:00" queuing="2011-05-22T21:37:41.3813898+02:00" start="2011-05-22T21:37:41.3923904+02:00" finish="2011-05-22T21:37:41.9624230+02:00" />
  <ResultSummary outcome="Completed">
    <Counters total="8" executed="8" passed="8" error="0" failed="0" timeout="0" aborted="0" inconclusive="0" passedButRunAborted="0" notRunnable="0" notExecuted="0" disconnected="0" warning="0" completed="0" inProgress="0" pending="0" />
  </ResultSummary>
  <TestDefinitions>
    <UnitTest name="FormValidation_OneValidField_ShouldValidate" storage="c:\users\joeriks\documents\visual studio 2010\projects\github\dynaforms\dynaforms\dynaforms_test\bin\debug\dynamicforms_test.dll" id="0a7bcf73-3d45-3e27-e291-8c41dcb2a8b3">
      <Execution id="117a9599-1571-45ce-b0e9-6e0e35ad68fb" />
      <TestMethod codeBase="C:/Users/joeriks/Documents/Visual Studio 2010/Projects/GitHub/DynaForms/DynaForms/DynaForms_Test/bin/Debug/DynamicForms_Test.DLL" adapterTypeName="Microsoft.VisualStudio.TestTools.TestTypes.Unit.UnitTestAdapter, Microsoft.VisualStudio.QualityTools.Tips.UnitTest.Adapter, Version=10.0.0.0, Culture=neutral, PublicKeyToken=b03f5f7f11d50a3a" className="DynaForms_Test.FormValidations, DynamicForms_Test, Version=1.0.0.0, Culture=neutral, PublicKeyToken=null" name="FormValidation_OneValidField_ShouldValidate" />
    </UnitTest>
    <UnitTest name="FormCreationHtml_CompareToFile_Form1" storage="c:\users\joeriks\documents\visual studio 2010\projects\github\dynaforms\dynaforms\dynaforms_test\bin\debug\dynamicforms_test.dll" id="a63afa6a-845a-987f-c080-ffe79a3cc273">
      <DeploymentItems>
        <DeploymentItem filename="resources//form1.htm" />
      </DeploymentItems>
      <Execution id="0b1888bc-043a-4fd9-90cf-e6ac45d7e86e" />
      <TestMethod codeBase="C:/Users/joeriks/Documents/Visual Studio 2010/Projects/GitHub/DynaForms/DynaForms/DynaForms_Test/bin/Debug/DynamicForms_Test.DLL" adapterTypeName="Microsoft.VisualStudio.TestTools.TestTypes.Unit.UnitTestAdapter, Microsoft.VisualStudio.QualityTools.Tips.UnitTest.Adapter, Version=10.0.0.0, Culture=neutral, PublicKeyToken=b03f5f7f11d50a3a" className="DynaForms_Test.FormCreation, DynamicForms_Test, Version=1.0.0.0, Culture=neutral, PublicKeyToken=null" name="FormCreationHtml_CompareToFile_Form1" />
    </UnitTest>
    <UnitTest name="FormCreation_NoErrors" storage="c:\users\joeriks\documents\visual studio 2010\projects\github\dynaforms\dynaforms\dynaforms_test\bin\debug\dynamicforms_test.dll" id="a72d1d0f-024c-ca45-f0cb-1e02f50ddf2c">
      <Execution id="04b4a4c3-2fd1-4bff-9016-b819a8faad29" />
      <TestMethod codeBase="C:/Users/joeriks/Documents/Visual Studio 2010/Projects/GitHub/DynaForms/DynaForms/DynaForms_Test/bin/Debug/DynamicForms_Test.DLL" adapterTypeName="Microsoft.VisualStudio.TestTools.TestTypes.Unit.UnitTestAdapter, Microsoft.VisualStudio.QualityTools.Tips.UnitTest.Adapter, Version=10.0.0.0, Culture=neutral, PublicKeyToken=b03f5f7f11d50a3a" className="DynaForms_Test.FormCreation, DynamicForms_Test, Version=1.0.0.0, Culture=neutral, PublicKeyToken=null" name="FormCreation_NoErrors" />
    </UnitTest>
    <UnitTest name="FormCreationHtml_CompareToFile_Form2" storage="c:\users\joeriks\documents\visual studio 2010\projects\github\dynaforms\dynaforms\dynaforms_test\bin\debug\dynamicforms_test.dll" id="d5566312-6562-b3a8-7247-62759f535e6f">
      <DeploymentItems>
        <DeploymentItem filename="resources//form2.htm" />
      </DeploymentItems>
      <Execution id="17109682-453c-4bfb-a34c-282c3a8f89b6" />
      <TestMethod codeBase="C:/Users/joeriks/Documents/Visual Studio 2010/Projects/GitHub/DynaForms/DynaForms/DynaForms_Test/bin/Debug/DynamicForms_Test.DLL" adapterTypeName="Microsoft.VisualStudio.TestTools.TestTypes.Unit.UnitTestAdapter, Microsoft.VisualStudio.QualityTools.Tips.UnitTest.Adapter, Version=10.0.0.0, Culture=neutral, PublicKeyToken=b03f5f7f11d50a3a" className="DynaForms_Test.FormCreation, DynamicForms_Test, Version=1.0.0.0, Culture=neutral, PublicKeyToken=null" name="FormCreationHtml_CompareToFile_Form2" />
    </UnitTest>
    <UnitTest name="TryUpdateModel_SubsetOfFields" storage="c:\users\joeriks\documents\visual studio 2010\projects\github\dynaforms\dynaforms\dynaforms_test\bin\debug\dynamicforms_test.dll" id="a4b991da-175b-341c-3346-146464a1b188">
      <Execution id="e3d7b829-4da0-46fa-9e25-809e74e655da" />
      <TestMethod codeBase="C:/Users/joeriks/Documents/Visual Studio 2010/Projects/GitHub/DynaForms/DynaForms/DynaForms_Test/bin/Debug/DynamicForms_Test.DLL" adapterTypeName="Microsoft.VisualStudio.TestTools.TestTypes.Unit.UnitTestAdapter, Microsoft.VisualStudio.QualityTools.Tips.UnitTest.Adapter, Version=10.0.0.0, Culture=neutral, PublicKeyToken=b03f5f7f11d50a3a" className="DynaForms_Test.TryUpdateModel, DynamicForms_Test, Version=1.0.0.0, Culture=neutral, PublicKeyToken=null" name="TryUpdateModel_SubsetOfFields" />
    </UnitTest>
    <UnitTest name="FormValidation_OneMissingField_ShouldNotValidate" storage="c:\users\joeriks\documents\visual studio 2010\projects\github\dynaforms\dynaforms\dynaforms_test\bin\debug\dynamicforms_test.dll" id="c68031b1-18f1-f361-10ac-2b2b73aca0e5">
      <Execution id="9204b267-31e1-46cf-93ff-214f949bffef" />
      <TestMethod codeBase="C:/Users/joeriks/Documents/Visual Studio 2010/Projects/GitHub/DynaForms/DynaForms/DynaForms_Test/bin/Debug/DynamicForms_Test.DLL" adapterTypeName="Microsoft.VisualStudio.TestTools.TestTypes.Unit.UnitTestAdapter, Microsoft.VisualStudio.QualityTools.Tips.UnitTest.Adapter, Version=10.0.0.0, Culture=neutral, PublicKeyToken=b03f5f7f11d50a3a" className="DynaForms_Test.FormValidations, DynamicForms_Test, Version=1.0.0.0, Culture=neutral, PublicKeyToken=null" name="FormValidation_OneMissingField_ShouldNotValidate" />
    </UnitTest>
    <UnitTest name="TryUpdateModel_StringsAndInvalidInteger" storage="c:\users\joeriks\documents\visual studio 2010\projects\github\dynaforms\dynaforms\dynaforms_test\bin\debug\dynamicforms_test.dll" id="04591405-bf95-3ad7-ff0f-82f6239b8357">
      <Execution id="edd06a84-e5c5-4d08-b572-3f5a88219ab7" />
      <TestMethod codeBase="C:/Users/joeriks/Documents/Visual Studio 2010/Projects/GitHub/DynaForms/DynaForms/DynaForms_Test/bin/Debug/DynamicForms_Test.DLL" adapterTypeName="Microsoft.VisualStudio.TestTools.TestTypes.Unit.UnitTestAdapter, Microsoft.VisualStudio.QualityTools.Tips.UnitTest.Adapter, Version=10.0.0.0, Culture=neutral, PublicKeyToken=b03f5f7f11d50a3a" className="DynaForms_Test.TryUpdateModel, DynamicForms_Test, Version=1.0.0.0, Culture=neutral, PublicKeyToken=null" name="TryUpdateModel_StringsAndInvalidInteger" />
    </UnitTest>
    <UnitTest name="TryUpdateModel_StringsAndInteger" storage="c:\users\joeriks\documents\visual studio 2010\projects\github\dynaforms\dynaforms\dynaforms_test\bin\debug\dynamicforms_test.dll" id="1a36a090-4025-e27d-39e4-17d8afe625b3">
      <Execution id="b1002c60-ab82-476d-a04b-3650e193d092" />
      <TestMethod codeBase="C:/Users/joeriks/Documents/Visual Studio 2010/Projects/GitHub/DynaForms/DynaForms/DynaForms_Test/bin/Debug/DynamicForms_Test.DLL" adapterTypeName="Microsoft.VisualStudio.TestTools.TestTypes.Unit.UnitTestAdapter, Microsoft.VisualStudio.QualityTools.Tips.UnitTest.Adapter, Version=10.0.0.0, Culture=neutral, PublicKeyToken=b03f5f7f11d50a3a" className="DynaForms_Test.TryUpdateModel, DynamicForms_Test, Version=1.0.0.0, Culture=neutral, PublicKeyToken=null" name="TryUpdateModel_StringsAndInteger" />
    </UnitTest>
  </TestDefinitions>
  <TestLists>
    <TestList name="Results Not in a List" id="8c84fa94-04c1-424b-9868-57a2d4851a1d" />
    <TestList name="All Loaded Results" id="19431567-8539-422a-85d7-44ee4e166bda" />
  </TestLists>
  <TestEntries>
    <TestEntry testId="04591405-bf95-3ad7-ff0f-82f6239b8357" executionId="edd06a84-e5c5-4d08-b572-3f5a88219ab7" testListId="8c84fa94-04c1-424b-9868-57a2d4851a1d" />
    <TestEntry testId="0a7bcf73-3d45-3e27-e291-8c41dcb2a8b3" executionId="117a9599-1571-45ce-b0e9-6e0e35ad68fb" testListId="8c84fa94-04c1-424b-9868-57a2d4851a1d" />
    <TestEntry testId="1a36a090-4025-e27d-39e4-17d8afe625b3" executionId="b1002c60-ab82-476d-a04b-3650e193d092" testListId="8c84fa94-04c1-424b-9868-57a2d4851a1d" />
    <TestEntry testId="a4b991da-175b-341c-3346-146464a1b188" executionId="e3d7b829-4da0-46fa-9e25-809e74e655da" testListId="8c84fa94-04c1-424b-9868-57a2d4851a1d" />
    <TestEntry testId="a63afa6a-845a-987f-c080-ffe79a3cc273" executionId="0b1888bc-043a-4fd9-90cf-e6ac45d7e86e" testListId="8c84fa94-04c1-424b-9868-57a2d4851a1d" />
    <TestEntry testId="a72d1d0f-024c-ca45-f0cb-1e02f50ddf2c" executionId="04b4a4c3-2fd1-4bff-9016-b819a8faad29" testListId="8c84fa94-04c1-424b-9868-57a2d4851a1d" />
    <TestEntry testId="c68031b1-18f1-f361-10ac-2b2b73aca0e5" executionId="9204b267-31e1-46cf-93ff-214f949bffef" testListId="8c84fa94-04c1-424b-9868-57a2d4851a1d" />
    <TestEntry testId="d5566312-6562-b3a8-7247-62759f535e6f" executionId="17109682-453c-4bfb-a34c-282c3a8f89b6" testListId="8c84fa94-04c1-424b-9868-57a2d4851a1d" />
  </TestEntries>
  <Results>
    <UnitTestResult executionId="edd06a84-e5c5-4d08-b572-3f5a88219ab7" testId="04591405-bf95-3ad7-ff0f-82f6239b8357" testName="TryUpdateModel_StringsAndInvalidInteger" computerName="JOERIKS-PC" duration="00:00:00.0768849" startTime="2011-05-22T21:37:41.4263924+02:00" endTime="2011-05-22T21:37:41.7834128+02:00" testType="13cdc9d9-ddb5-4fa4-a97d-d965ccfc6d4b" outcome="Passed" testListId="8c84fa94-04c1-424b-9868-57a2d4851a1d" relativeResultsDirectory="edd06a84-e5c5-4d08-b572-3f5a88219ab7">
    </UnitTestResult>
    <UnitTestResult executionId="117a9599-1571-45ce-b0e9-6e0e35ad68fb" testId="0a7bcf73-3d45-3e27-e291-8c41dcb2a8b3" testName="FormValidation_OneValidField_ShouldValidate" computerName="JOERIKS-PC" duration="00:00:00.0030982" startTime="2011-05-22T21:37:41.7884131+02:00" endTime="2011-05-22T21:37:41.7984136+02:00" testType="13cdc9d9-ddb5-4fa4-a97d-d965ccfc6d4b" outcome="Passed" testListId="8c84fa94-04c1-424b-9868-57a2d4851a1d" relativeResultsDirectory="117a9599-1571-45ce-b0e9-6e0e35ad68fb">
    </UnitTestResult>
    <UnitTestResult executionId="b1002c60-ab82-476d-a04b-3650e193d092" testId="1a36a090-4025-e27d-39e4-17d8afe625b3" testName="TryUpdateModel_StringsAndInteger" computerName="JOERIKS-PC" duration="00:00:00.0005622" startTime="2011-05-22T21:37:41.8034139+02:00" endTime="2011-05-22T21:37:41.8084142+02:00" testType="13cdc9d9-ddb5-4fa4-a97d-d965ccfc6d4b" outcome="Passed" testListId="8c84fa94-04c1-424b-9868-57a2d4851a1d" relativeResultsDirectory="b1002c60-ab82-476d-a04b-3650e193d092">
    </UnitTestResult>
    <UnitTestResult executionId="e3d7b829-4da0-46fa-9e25-809e74e655da" testId="a4b991da-175b-341c-3346-146464a1b188" testName="TryUpdateModel_SubsetOfFields" computerName="JOERIKS-PC" duration="00:00:00.0006868" startTime="2011-05-22T21:37:41.8214150+02:00" endTime="2011-05-22T21:37:41.8284154+02:00" testType="13cdc9d9-ddb5-4fa4-a97d-d965ccfc6d4b" outcome="Passed" testListId="8c84fa94-04c1-424b-9868-57a2d4851a1d" relativeResultsDirectory="e3d7b829-4da0-46fa-9e25-809e74e655da">
    </UnitTestResult>
    <UnitTestResult executionId="0b1888bc-043a-4fd9-90cf-e6ac45d7e86e" testId="a63afa6a-845a-987f-c080-ffe79a3cc273" testName="FormCreationHtml_CompareToFile_Form1" computerName="JOERIKS-PC" duration="00:00:00.0103521" startTime="2011-05-22T21:37:41.8344157+02:00" endTime="2011-05-22T21:37:41.8534168+02:00" testType="13cdc9d9-ddb5-4fa4-a97d-d965ccfc6d4b" outcome="Passed" testListId="8c84fa94-04c1-424b-9868-57a2d4851a1d" relativeResultsDirectory="0b1888bc-043a-4fd9-90cf-e6ac45d7e86e">
    </UnitTestResult>
    <UnitTestResult executionId="04b4a4c3-2fd1-4bff-9016-b819a8faad29" testId="a72d1d0f-024c-ca45-f0cb-1e02f50ddf2c" testName="FormCreation_NoErrors" computerName="JOERIKS-PC" duration="00:00:00.0002780" startTime="2011-05-22T21:37:41.8644174+02:00" endTime="2011-05-22T21:37:41.8694177+02:00" testType="13cdc9d9-ddb5-4fa4-a97d-d965ccfc6d4b" outcome="Passed" testListId="8c84fa94-04c1-424b-9868-57a2d4851a1d" relativeResultsDirectory="04b4a4c3-2fd1-4bff-9016-b819a8faad29">
    </UnitTestResult>
    <UnitTestResult executionId="9204b267-31e1-46cf-93ff-214f949bffef" testId="c68031b1-18f1-f361-10ac-2b2b73aca0e5" testName="FormValidation_OneMissingField_ShouldNotValidate" computerName="JOERIKS-PC" duration="00:00:00.0019970" startTime="2011-05-22T21:37:41.8734179+02:00" endTime="2011-05-22T21:37:41.8814184+02:00" testType="13cdc9d9-ddb5-4fa4-a97d-d965ccfc6d4b" outcome="Passed" testListId="8c84fa94-04c1-424b-9868-57a2d4851a1d" relativeResultsDirectory="9204b267-31e1-46cf-93ff-214f949bffef">
    </UnitTestResult>
    <UnitTestResult executionId="17109682-453c-4bfb-a34c-282c3a8f89b6" testId="d5566312-6562-b3a8-7247-62759f535e6f" testName="FormCreationHtml_CompareToFile_Form2" computerName="JOERIKS-PC" duration="00:00:00.0039419" startTime="2011-05-22T21:37:41.8854186+02:00" endTime="2011-05-22T21:37:41.8964193+02:00" testType="13cdc9d9-ddb5-4fa4-a97d-d965ccfc6d4b" outcome="Passed" testListId="8c84fa94-04c1-424b-9868-57a2d4851a1d" relativeResultsDirectory="17109682-453c-4bfb-a34c-282c3a8f89b6">
    </UnitTestResult>
  </Results>
</TestRun>