<?xml version="1.0" encoding="UTF-8"?>
<TestRun id="a05179ab-5d8a-445c-a61e-04fb029f03e6" name="jonas@STN2011-1 2011-05-22 20:20:20" runUser="stn2011-1\jonas" xmlns="http://microsoft.com/schemas/VisualStudio/TeamTest/2010">
  <TestSettings name="Local" id="b530b1a5-b516-4526-823a-1e2ca9acd328">
    <Description>These are default test settings for a local test run.</Description>
    <Deployment runDeploymentRoot="jonas_STN2011-1 2011-05-22 20_20_20">
      <DeploymentItem filename="C:\Users\jonas\DynaForms\DynaForms\DynaForms\bin\Debug\DynamicForms.dll" />
    </Deployment>
    <Execution>
      <TestTypeSpecific>
        <UnitTestRunConfig testTypeId="13cdc9d9-ddb5-4fa4-a97d-d965ccfc6d4b">
          <AssemblyResolution>
            <TestDirectory useLoadContext="true" />
          </AssemblyResolution>
        </UnitTestRunConfig>
      </TestTypeSpecific>
      <AgentRule name="Execution Agents">
      </AgentRule>
    </Execution>
  </TestSettings>
  <Times creation="2011-05-22T20:20:20.9720000+02:00" queuing="2011-05-22T20:20:25.4520000+02:00" start="2011-05-22T20:20:25.6520000+02:00" finish="2011-05-22T20:20:27.8380000+02:00" />
  <ResultSummary outcome="Completed">
    <Counters total="8" executed="8" passed="8" error="0" failed="0" timeout="0" aborted="0" inconclusive="0" passedButRunAborted="0" notRunnable="0" notExecuted="0" disconnected="0" warning="0" completed="0" inProgress="0" pending="0" />
  </ResultSummary>
  <TestDefinitions>
    <UnitTest name="FormValidation_OneValidField_ShouldValidate" storage="c:\users\jonas\dynaforms\dynaforms\dynaforms_test\bin\debug\dynamicforms_test.dll" id="0a7bcf73-3d45-3e27-e291-8c41dcb2a8b3">
      <Execution id="4193f1f3-4e57-4fcd-b23d-ebfbb806bf2d" />
      <TestMethod codeBase="C:/Users/jonas/DynaForms/DynaForms/DynaForms_Test/bin/Debug/DynamicForms_Test.DLL" adapterTypeName="Microsoft.VisualStudio.TestTools.TestTypes.Unit.UnitTestAdapter, Microsoft.VisualStudio.QualityTools.Tips.UnitTest.Adapter, Version=10.0.0.0, Culture=neutral, PublicKeyToken=b03f5f7f11d50a3a" className="DynaForms_Test.FormValidations, DynamicForms_Test, Version=1.0.0.0, Culture=neutral, PublicKeyToken=null" name="FormValidation_OneValidField_ShouldValidate" />
    </UnitTest>
    <UnitTest name="FormCreationHtml_CompareToFile_Form1" storage="c:\users\jonas\dynaforms\dynaforms\dynaforms_test\bin\debug\dynamicforms_test.dll" id="a63afa6a-845a-987f-c080-ffe79a3cc273">
      <DeploymentItems>
        <DeploymentItem filename="resources//form1.htm" />
      </DeploymentItems>
      <Execution id="e05882d8-1da0-47c6-a0a5-306870e29ff3" />
      <TestMethod codeBase="C:/Users/jonas/DynaForms/DynaForms/DynaForms_Test/bin/Debug/DynamicForms_Test.DLL" adapterTypeName="Microsoft.VisualStudio.TestTools.TestTypes.Unit.UnitTestAdapter, Microsoft.VisualStudio.QualityTools.Tips.UnitTest.Adapter, Version=10.0.0.0, Culture=neutral, PublicKeyToken=b03f5f7f11d50a3a" className="DynaForms_Test.FormCreation, DynamicForms_Test, Version=1.0.0.0, Culture=neutral, PublicKeyToken=null" name="FormCreationHtml_CompareToFile_Form1" />
    </UnitTest>
    <UnitTest name="FormCreation_NoErrors" storage="c:\users\jonas\dynaforms\dynaforms\dynaforms_test\bin\debug\dynamicforms_test.dll" id="a72d1d0f-024c-ca45-f0cb-1e02f50ddf2c">
      <Execution id="cb65f7bc-ce6d-4fe7-b0a6-bdcf9294f873" />
      <TestMethod codeBase="C:/Users/jonas/DynaForms/DynaForms/DynaForms_Test/bin/Debug/DynamicForms_Test.DLL" adapterTypeName="Microsoft.VisualStudio.TestTools.TestTypes.Unit.UnitTestAdapter, Microsoft.VisualStudio.QualityTools.Tips.UnitTest.Adapter, Version=10.0.0.0, Culture=neutral, PublicKeyToken=b03f5f7f11d50a3a" className="DynaForms_Test.FormCreation, DynamicForms_Test, Version=1.0.0.0, Culture=neutral, PublicKeyToken=null" name="FormCreation_NoErrors" />
    </UnitTest>
    <UnitTest name="FormCreationHtml_CompareToFile_Form2" storage="c:\users\jonas\dynaforms\dynaforms\dynaforms_test\bin\debug\dynamicforms_test.dll" id="d5566312-6562-b3a8-7247-62759f535e6f">
      <DeploymentItems>
        <DeploymentItem filename="resources//form2.htm" />
      </DeploymentItems>
      <Execution id="c44d52d1-5727-4261-95ba-9495f8be995e" />
      <TestMethod codeBase="C:/Users/jonas/DynaForms/DynaForms/DynaForms_Test/bin/Debug/DynamicForms_Test.DLL" adapterTypeName="Microsoft.VisualStudio.TestTools.TestTypes.Unit.UnitTestAdapter, Microsoft.VisualStudio.QualityTools.Tips.UnitTest.Adapter, Version=10.0.0.0, Culture=neutral, PublicKeyToken=b03f5f7f11d50a3a" className="DynaForms_Test.FormCreation, DynamicForms_Test, Version=1.0.0.0, Culture=neutral, PublicKeyToken=null" name="FormCreationHtml_CompareToFile_Form2" />
    </UnitTest>
    <UnitTest name="TryUpdateModel_SubsetOfFields" storage="c:\users\jonas\dynaforms\dynaforms\dynaforms_test\bin\debug\dynamicforms_test.dll" id="a4b991da-175b-341c-3346-146464a1b188">
      <Execution id="715774c7-94c2-4175-9a32-f92a7a0620f4" />
      <TestMethod codeBase="C:/Users/jonas/DynaForms/DynaForms/DynaForms_Test/bin/Debug/DynamicForms_Test.DLL" adapterTypeName="Microsoft.VisualStudio.TestTools.TestTypes.Unit.UnitTestAdapter, Microsoft.VisualStudio.QualityTools.Tips.UnitTest.Adapter, Version=10.0.0.0, Culture=neutral, PublicKeyToken=b03f5f7f11d50a3a" className="DynaForms_Test.TryUpdateModel, DynamicForms_Test, Version=1.0.0.0, Culture=neutral, PublicKeyToken=null" name="TryUpdateModel_SubsetOfFields" />
    </UnitTest>
    <UnitTest name="FormValidation_OneMissingField_ShouldNotValidate" storage="c:\users\jonas\dynaforms\dynaforms\dynaforms_test\bin\debug\dynamicforms_test.dll" id="c68031b1-18f1-f361-10ac-2b2b73aca0e5">
      <Execution id="d650782c-5aac-4e4f-8215-c7b7164754ca" />
      <TestMethod codeBase="C:/Users/jonas/DynaForms/DynaForms/DynaForms_Test/bin/Debug/DynamicForms_Test.DLL" adapterTypeName="Microsoft.VisualStudio.TestTools.TestTypes.Unit.UnitTestAdapter, Microsoft.VisualStudio.QualityTools.Tips.UnitTest.Adapter, Version=10.0.0.0, Culture=neutral, PublicKeyToken=b03f5f7f11d50a3a" className="DynaForms_Test.FormValidations, DynamicForms_Test, Version=1.0.0.0, Culture=neutral, PublicKeyToken=null" name="FormValidation_OneMissingField_ShouldNotValidate" />
    </UnitTest>
    <UnitTest name="TryUpdateModel_StringsAndInvalidInteger" storage="c:\users\jonas\dynaforms\dynaforms\dynaforms_test\bin\debug\dynamicforms_test.dll" id="04591405-bf95-3ad7-ff0f-82f6239b8357">
      <Execution id="adb4360e-892b-45cb-b2df-5084498671fb" />
      <TestMethod codeBase="C:/Users/jonas/DynaForms/DynaForms/DynaForms_Test/bin/Debug/DynamicForms_Test.DLL" adapterTypeName="Microsoft.VisualStudio.TestTools.TestTypes.Unit.UnitTestAdapter, Microsoft.VisualStudio.QualityTools.Tips.UnitTest.Adapter, Version=10.0.0.0, Culture=neutral, PublicKeyToken=b03f5f7f11d50a3a" className="DynaForms_Test.TryUpdateModel, DynamicForms_Test, Version=1.0.0.0, Culture=neutral, PublicKeyToken=null" name="TryUpdateModel_StringsAndInvalidInteger" />
    </UnitTest>
    <UnitTest name="TryUpdateModel_StringsAndInteger" storage="c:\users\jonas\dynaforms\dynaforms\dynaforms_test\bin\debug\dynamicforms_test.dll" id="1a36a090-4025-e27d-39e4-17d8afe625b3">
      <Execution id="6f0589ea-5a53-4583-aa49-f0d016e909ad" />
      <TestMethod codeBase="C:/Users/jonas/DynaForms/DynaForms/DynaForms_Test/bin/Debug/DynamicForms_Test.DLL" adapterTypeName="Microsoft.VisualStudio.TestTools.TestTypes.Unit.UnitTestAdapter, Microsoft.VisualStudio.QualityTools.Tips.UnitTest.Adapter, Version=10.0.0.0, Culture=neutral, PublicKeyToken=b03f5f7f11d50a3a" className="DynaForms_Test.TryUpdateModel, DynamicForms_Test, Version=1.0.0.0, Culture=neutral, PublicKeyToken=null" name="TryUpdateModel_StringsAndInteger" />
    </UnitTest>
  </TestDefinitions>
  <TestLists>
    <TestList name="Results Not in a List" id="8c84fa94-04c1-424b-9868-57a2d4851a1d" />
    <TestList name="All Loaded Results" id="19431567-8539-422a-85d7-44ee4e166bda" />
  </TestLists>
  <TestEntries>
    <TestEntry testId="04591405-bf95-3ad7-ff0f-82f6239b8357" executionId="adb4360e-892b-45cb-b2df-5084498671fb" testListId="8c84fa94-04c1-424b-9868-57a2d4851a1d" />
    <TestEntry testId="0a7bcf73-3d45-3e27-e291-8c41dcb2a8b3" executionId="4193f1f3-4e57-4fcd-b23d-ebfbb806bf2d" testListId="8c84fa94-04c1-424b-9868-57a2d4851a1d" />
    <TestEntry testId="1a36a090-4025-e27d-39e4-17d8afe625b3" executionId="6f0589ea-5a53-4583-aa49-f0d016e909ad" testListId="8c84fa94-04c1-424b-9868-57a2d4851a1d" />
    <TestEntry testId="a4b991da-175b-341c-3346-146464a1b188" executionId="715774c7-94c2-4175-9a32-f92a7a0620f4" testListId="8c84fa94-04c1-424b-9868-57a2d4851a1d" />
    <TestEntry testId="a63afa6a-845a-987f-c080-ffe79a3cc273" executionId="e05882d8-1da0-47c6-a0a5-306870e29ff3" testListId="8c84fa94-04c1-424b-9868-57a2d4851a1d" />
    <TestEntry testId="a72d1d0f-024c-ca45-f0cb-1e02f50ddf2c" executionId="cb65f7bc-ce6d-4fe7-b0a6-bdcf9294f873" testListId="8c84fa94-04c1-424b-9868-57a2d4851a1d" />
    <TestEntry testId="c68031b1-18f1-f361-10ac-2b2b73aca0e5" executionId="d650782c-5aac-4e4f-8215-c7b7164754ca" testListId="8c84fa94-04c1-424b-9868-57a2d4851a1d" />
    <TestEntry testId="d5566312-6562-b3a8-7247-62759f535e6f" executionId="c44d52d1-5727-4261-95ba-9495f8be995e" testListId="8c84fa94-04c1-424b-9868-57a2d4851a1d" />
  </TestEntries>
  <Results>
    <UnitTestResult executionId="adb4360e-892b-45cb-b2df-5084498671fb" testId="04591405-bf95-3ad7-ff0f-82f6239b8357" testName="TryUpdateModel_StringsAndInvalidInteger" computerName="STN2011-1" duration="00:00:00.1808570" startTime="2011-05-22T20:20:25.8490000+02:00" endTime="2011-05-22T20:20:27.3800000+02:00" testType="13cdc9d9-ddb5-4fa4-a97d-d965ccfc6d4b" outcome="Passed" testListId="8c84fa94-04c1-424b-9868-57a2d4851a1d" relativeResultsDirectory="adb4360e-892b-45cb-b2df-5084498671fb">
    </UnitTestResult>
    <UnitTestResult executionId="4193f1f3-4e57-4fcd-b23d-ebfbb806bf2d" testId="0a7bcf73-3d45-3e27-e291-8c41dcb2a8b3" testName="FormValidation_OneValidField_ShouldValidate" computerName="STN2011-1" duration="00:00:00.0083353" startTime="2011-05-22T20:20:27.4120000+02:00" endTime="2011-05-22T20:20:27.4400000+02:00" testType="13cdc9d9-ddb5-4fa4-a97d-d965ccfc6d4b" outcome="Passed" testListId="8c84fa94-04c1-424b-9868-57a2d4851a1d" relativeResultsDirectory="4193f1f3-4e57-4fcd-b23d-ebfbb806bf2d">
    </UnitTestResult>
    <UnitTestResult executionId="6f0589ea-5a53-4583-aa49-f0d016e909ad" testId="1a36a090-4025-e27d-39e4-17d8afe625b3" testName="TryUpdateModel_StringsAndInteger" computerName="STN2011-1" duration="00:00:00.0006768" startTime="2011-05-22T20:20:27.5160000+02:00" endTime="2011-05-22T20:20:27.5280000+02:00" testType="13cdc9d9-ddb5-4fa4-a97d-d965ccfc6d4b" outcome="Passed" testListId="8c84fa94-04c1-424b-9868-57a2d4851a1d" relativeResultsDirectory="6f0589ea-5a53-4583-aa49-f0d016e909ad">
    </UnitTestResult>
    <UnitTestResult executionId="715774c7-94c2-4175-9a32-f92a7a0620f4" testId="a4b991da-175b-341c-3346-146464a1b188" testName="TryUpdateModel_SubsetOfFields" computerName="STN2011-1" duration="00:00:00.0007741" startTime="2011-05-22T20:20:27.5490000+02:00" endTime="2011-05-22T20:20:27.5580000+02:00" testType="13cdc9d9-ddb5-4fa4-a97d-d965ccfc6d4b" outcome="Passed" testListId="8c84fa94-04c1-424b-9868-57a2d4851a1d" relativeResultsDirectory="715774c7-94c2-4175-9a32-f92a7a0620f4">
    </UnitTestResult>
    <UnitTestResult executionId="e05882d8-1da0-47c6-a0a5-306870e29ff3" testId="a63afa6a-845a-987f-c080-ffe79a3cc273" testName="FormCreationHtml_CompareToFile_Form1" computerName="STN2011-1" duration="00:00:00.0084305" startTime="2011-05-22T20:20:27.5720000+02:00" endTime="2011-05-22T20:20:27.5920000+02:00" testType="13cdc9d9-ddb5-4fa4-a97d-d965ccfc6d4b" outcome="Passed" testListId="8c84fa94-04c1-424b-9868-57a2d4851a1d" relativeResultsDirectory="e05882d8-1da0-47c6-a0a5-306870e29ff3">
    </UnitTestResult>
    <UnitTestResult executionId="cb65f7bc-ce6d-4fe7-b0a6-bdcf9294f873" testId="a72d1d0f-024c-ca45-f0cb-1e02f50ddf2c" testName="FormCreation_NoErrors" computerName="STN2011-1" duration="00:00:00.0003466" startTime="2011-05-22T20:20:27.6060000+02:00" endTime="2011-05-22T20:20:27.6150000+02:00" testType="13cdc9d9-ddb5-4fa4-a97d-d965ccfc6d4b" outcome="Passed" testListId="8c84fa94-04c1-424b-9868-57a2d4851a1d" relativeResultsDirectory="cb65f7bc-ce6d-4fe7-b0a6-bdcf9294f873">
    </UnitTestResult>
    <UnitTestResult executionId="d650782c-5aac-4e4f-8215-c7b7164754ca" testId="c68031b1-18f1-f361-10ac-2b2b73aca0e5" testName="FormValidation_OneMissingField_ShouldNotValidate" computerName="STN2011-1" duration="00:00:00.0019430" startTime="2011-05-22T20:20:27.6400000+02:00" endTime="2011-05-22T20:20:27.6530000+02:00" testType="13cdc9d9-ddb5-4fa4-a97d-d965ccfc6d4b" outcome="Passed" testListId="8c84fa94-04c1-424b-9868-57a2d4851a1d" relativeResultsDirectory="d650782c-5aac-4e4f-8215-c7b7164754ca">
    </UnitTestResult>
    <UnitTestResult executionId="c44d52d1-5727-4261-95ba-9495f8be995e" testId="d5566312-6562-b3a8-7247-62759f535e6f" testName="FormCreationHtml_CompareToFile_Form2" computerName="STN2011-1" duration="00:00:00.0016931" startTime="2011-05-22T20:20:27.6650000+02:00" endTime="2011-05-22T20:20:27.6840000+02:00" testType="13cdc9d9-ddb5-4fa4-a97d-d965ccfc6d4b" outcome="Passed" testListId="8c84fa94-04c1-424b-9868-57a2d4851a1d" relativeResultsDirectory="c44d52d1-5727-4261-95ba-9495f8be995e">
    </UnitTestResult>
  </Results>
</TestRun>